../Core/Src/ili9488.c:284:6:SendByte	16	static
../Core/Src/ili9488.c:290:6:ILI9488_SendCommand	24	static
../Core/Src/ili9488.c:310:6:ILI9488_SendData	24	static
../Core/Src/ili9488.c:330:6:ILI9488_SendData_Multi	24	static
../Core/Src/ili9488.c:351:6:WaitLastData	4	static
../Core/Src/ili9488.c:376:6:ILI9488_Init	8	static
../Core/Src/ili9488.c:488:6:setAddrWindow	32	static
../Core/Src/ili9488.c:514:6:setScrollArea	16	static
../Core/Src/ili9488.c:525:6:scroll	16	static
../Core/Src/ili9488.c:531:6:pushColor	16	static
../Core/Src/ili9488.c:540:6:pushColors	56	dynamic
../Core/Src/ili9488.c:565:6:drawImage	72	dynamic
../Core/Src/ili9488.c:605:6:drawPixel	16	static
../Core/Src/ili9488.c:619:6:drawFastVLine	24	static
../Core/Src/ili9488.c:639:6:drawFastHLine	24	static
../Core/Src/ili9488.c:656:6:drawLine	40	static
../Core/Src/ili9488.c:674:6:writeLine	48	static
../Core/Src/ili9488.c:715:6:fillScreen	24	static
../Core/Src/ili9488.c:720:6:fillRect	72	dynamic
../Core/Src/ili9488.c:776:6:setRotation	24	static
../Core/Src/ili9488.c:806:6:invertDisplay	16	static
../Core/Src/ili9488.c:812:10:color565	16	static
../Core/Src/ili9488.c:818:6:drawChar	40	static
../Core/Src/ili9488.c:864:6:ILI9488_printText	48	static
../Core/Src/ili9488.c:874:6:testLines	56	static
../Core/Src/ili9488.c:926:6:write16BitColor	24	static
